// Jest Snapshot v1, https://goo.gl/fbAQLP

exports[`Transfer future capital step has three options if you want to transfer future capital to one of two funds or not 1`] = `
<div>
  <div
    className="px-col"
  >
    <p
      className="lead m-0"
    >
      <MemoizedFormattedMessage
        id="transfer.future.capital.intro.choose"
      />
    </p>
  </div>
  <select
    className="custom-select mt-4"
    onChange={[Function]}
    style={
      Object {
        "fontSize": "140%",
        "height": "140%",
      }
    }
    value=""
  >
    <option
      hidden="hidden"
      value="1"
    >
      transfer.future.capital.other.fund
    </option>
    <option
      key="AAA"
      value="AAA"
    >
      A
    </option>
    <option
      key="BBB"
      value="BBB"
    >
      B
    </option>
    <option
      key="CCC"
      value="CCC"
    >
      C
    </option>
  </select>
  <Radio
    className="mt-4"
    id="tv-transfer-future-capital-AAA"
    key="AAA"
    name="tv-transfer-future-capital"
    onSelect={[Function]}
    selected={false}
  >
    <h3
      className="m-0"
    >
      A
    </h3>
  </Radio>
  <Radio
    className="mt-4"
    id="tv-transfer-future-capital-BBB"
    key="BBB"
    name="tv-transfer-future-capital"
    onSelect={[Function]}
    selected={false}
  >
    <h3
      className="m-0"
    >
      B
    </h3>
  </Radio>
  <Radio
    className="mt-4"
    id="tv-transfer-future-capital-none"
    name="tv-transfer-future-capital"
    onSelect={[Function]}
    selected={true}
  >
    <p
      className="m-0 text-bold"
    >
      <MemoizedFormattedMessage
        id="transfer.future.capital.no"
      />
    </p>
  </Radio>
  <div
    className="mt-5"
  >
    <Link
      className="btn btn-primary mb-2 mr-2"
    >
      <MemoizedFormattedMessage
        id="steps.next"
      />
    </Link>
    <Link
      className="btn btn-secondary mb-2"
    >
      <MemoizedFormattedMessage
        id="steps.previous"
      />
    </Link>
  </div>
</div>
`;
