// Jest Snapshot v1, https://goo.gl/fbAQLP

exports[`Status Box renders all subcomponents when present 1`] = `
<Fragment>
  <StatusBoxTitle />
  <div
    className="card card-secondary"
  >
    <Connect(SecondPillarStatusBox) />
    <Connect(ThirdPillarStatusBox) />
    <Connect(SavingsFundStatusBox) />
    <Connect(MemberStatusBox) />
  </div>
</Fragment>
`;

exports[`Status Box shows only a loader when some props missing 1`] = `<StatusBoxLoader />`;
