// Jest Snapshot v1, https://goo.gl/fbAQLP

exports[`MemberStatusBox offers to join when not member 1`] = `
<StatusBoxRow
  last={true}
  lines={
    Array [
      <Memo(MemoizedFormattedMessage)
        id="account.non.member.statement"
      />,
    ]
  }
  name={
    <Memo(MemoizedFormattedMessage)
      id="account.status.choice.tuleva"
    />
  }
  ok={false}
  showAction={false}
  warning={true}
>
  <Link
    className="btn btn-light"
    to="/join"
  >
    <MemoizedFormattedMessage
      id="account.status.choice.join.tuleva"
    />
  </Link>
</StatusBoxRow>
`;

exports[`MemberStatusBox renders the full component 1`] = `
<StatusBoxRow
  last={true}
  lines={
    Array [
      <Memo(MemoizedFormattedMessage)
        id="account.member.statement"
        values={
          Object {
            "memberNumber": 123,
          }
        }
      />,
    ]
  }
  name={
    <Memo(MemoizedFormattedMessage)
      id="account.status.choice.tuleva"
    />
  }
  ok={true}
  showAction={true}
  warning={false}
/>
`;
